// Jest Snapshot v1, https://goo.gl/fbAQLP

exports[`NavBar debe mostrar el componente correctamente 1`] = `ReactWrapper {}`;
